exports[`TodoItem Component > shows an item #0`] = `
<span>test item </span>
`;
